<html>
<body>
<pre>
<h1>µVision Build Log</h1>
<h2>Project:</h2>
E:\LPC1768\CP\CP.uvproj
Project File Date:  01/03/2024

<h2>Output:</h2>
Rebuild target 'Target 1'
assembling startup_LPC17xx.s...
compiling core_cm3.c...
compiling system_LPC17xx.c...
compiling uart_try.c...
uart_try.c(31): warning:  #111-D: statement is unreachable
              return 0;
uart_try.c(51): warning:  #1-D: last line of file ends without a newline
  }
uart_try.c: 2 warnings, 0 errors
linking...
Program Size: Code=948 RO-data=496 RW-data=4 ZI-data=516  
FromELF: creating hex file...
".\Hex\uart_try.axf" - 0 Error(s), 2 Warning(s).
